Ошибка: 15-12-2019 03:45:50 | Не найдена страница | в фале /Applications/MAMP/htdocs/store_fw/public/index.php | на строке 9Ошибка: 15-12-2019 03:46:38 | Не найдена страница | в фале /Applications/MAMP/htdocs/store_fw/public/index.php | на строке 9Ошибка: 15-12-2019 03:46:39 | Не найдена страница | в фале /Applications/MAMP/htdocs/store_fw/public/index.php | на строке 9Ошибка: 15-12-2019 03:46:49 | Не найдена страница | в фале /Applications/MAMP/htdocs/store_fw/public/index.php | на строке 9Ошибка: 15-12-2019 03:46:50 | Не найдена страница | в фале /Applications/MAMP/htdocs/store_fw/public/index.php | на строке 9Ошибка: 15-12-2019 03:47:33 | Не найдена страница | в фале /Applications/MAMP/htdocs/store_fw/public/index.php | на строке 9Ошибка: 15-12-2019 03:47:36 | Не найдена страница | в фале /Applications/MAMP/htdocs/store_fw/public/index.php | на строке 9Ошибка: 15-12-2019 03:47:38 | Не найдена страница | в фале /Applications/MAMP/htdocs/store_fw/public/index.php | на строке 9Ошибка: 15-12-2019 03:47:38 | Не найдена страница | в фале /Applications/MAMP/htdocs/store_fw/public/index.php | на строке 9Ошибка: 15-12-2019 03:47:38 | Не найдена страница | в фале /Applications/MAMP/htdocs/store_fw/public/index.php | на строке 9Ошибка: 15-12-2019 03:47:40 | Не найдена страница | в фале /Applications/MAMP/htdocs/store_fw/public/index.php | на строке 9Ошибка: 15-12-2019 03:47:40 | Не найдена страница | в фале /Applications/MAMP/htdocs/store_fw/public/index.php | на строке 9Ошибка: 15-12-2019 03:47:41 | Не найдена страница | в фале /Applications/MAMP/htdocs/store_fw/public/index.php | на строке 9Ошибка: 15-12-2019 03:47:41 | Не найдена страница | в фале /Applications/MAMP/htdocs/store_fw/public/index.php | на строке 9Ошибка: 15-12-2019 03:47:41 | Не найдена страница | в фале /Applications/MAMP/htdocs/store_fw/public/index.php | на строке 9Ошибка: 15-12-2019 03:47:42 | Не найдена страница | в фале /Applications/MAMP/htdocs/store_fw/public/index.php | на строке 9Ошибка: 15-12-2019 03:47:42 | Не найдена страница | в фале /Applications/MAMP/htdocs/store_fw/public/index.php | на строке 9Ошибка: 15-12-2019 03:47:42 | Не найдена страница | в фале /Applications/MAMP/htdocs/store_fw/public/index.php | на строке 9Ошибка: 15-12-2019 03:47:42 | Не найдена страница | в фале /Applications/MAMP/htdocs/store_fw/public/index.php | на строке 9Ошибка: 15-12-2019 03:47:42 | Не найдена страница | в фале /Applications/MAMP/htdocs/store_fw/public/index.php | на строке 9Ошибка: 15-12-2019 03:47:43 | Не найдена страница | в фале /Applications/MAMP/htdocs/store_fw/public/index.php | на строке 9Ошибка: 15-12-2019 03:47:43 | Не найдена страница | в фале /Applications/MAMP/htdocs/store_fw/public/index.php | на строке 9Ошибка: 15-12-2019 03:47:43 | Не найдена страница | в фале /Applications/MAMP/htdocs/store_fw/public/index.php | на строке 9Ошибка: 15-12-2019 03:47:43 | Не найдена страница | в фале /Applications/MAMP/htdocs/store_fw/public/index.php | на строке 9Ошибка: 15-12-2019 03:47:43 | Не найдена страница | в фале /Applications/MAMP/htdocs/store_fw/public/index.php | на строке 9Ошибка: 15-12-2019 03:48:21 | Не найдена страница | в фале /Applications/MAMP/htdocs/store_fw/public/index.php | на строке 9Ошибка: 15-12-2019 03:48:25 | Не найдена страница | в фале /Applications/MAMP/htdocs/store_fw/public/index.php | на строке 9Ошибка: 15-12-2019 03:48:26 | Не найдена страница | в фале /Applications/MAMP/htdocs/store_fw/public/index.php | на строке 9Ошибка: 15-12-2019 03:48:27 | Не найдена страница | в фале /Applications/MAMP/htdocs/store_fw/public/index.php | на строке 9Ошибка: 15-12-2019 03:48:35 | Не найдена страница | в фале /Applications/MAMP/htdocs/store_fw/public/index.php | на строке 9Ошибка: 15-12-2019 03:48:40 | Не найдена страница | в фале /Applications/MAMP/htdocs/store_fw/public/index.php | на строке 9